// Jest Snapshot v1, https://goo.gl/fbAQLP

exports[`SectionDesignWithYouInMind it should render 1`] = `
<div
  id="triggerDWYIM"
>
  <div
    id="pinDWYIM"
  >
    <div
      className="py-6 undefined"
    >
      <div
        className="container"
      >
        <h1
          className="react-reveal text-center nxt_heading-large mb-5"
          style={
            Object {
              "opacity": undefined,
            }
          }
        >
          Designed with you in mind
        </h1>
        <div
          className="row"
        >
          <div
            className="react-reveal col-md-5 order-2 order-sm-1"
            style={
              Object {
                "opacity": undefined,
              }
            }
          >
            <img
              alt="Woman with the Phone"
              className="img-fluid p-5 nxt_mq-tall-image"
              id="dwyim-woman"
              src="womanphone.svg"
            />
          </div>
          <div
            className="col-md-7 order-1 order-sm-2"
          >
            <div
              className="mt-5"
            >
              <div
                className="react-reveal"
                style={
                  Object {
                    "opacity": undefined,
                  }
                }
              />
              <div>
                <div
                  className="mt-4 pr-5"
                >
                  <div
                    id="nxt_mq-para-container"
                  >
                    <div
                      className="nxt_mq-para"
                    >
                      <h2
                        className="nxt_heading-small mb-2"
                      >
                        Fearlessly Flexible
                      </h2>
                      <p
                        className="mb-5"
                      >
                        Our products adapt to your life’s biggest moments. Change them when your needs do.
                      </p>
                    </div>
                    <div
                      className="nxt_mq-para"
                    >
                      <h2
                        className="nxt_heading-small mb-2"
                      >
                        Radically Simple
                      </h2>
                      <p
                        className="mb-5"
                      >
                        Straight forward products and features. Know what you're getting from the beginning.
                      </p>
                    </div>
                    <div
                      className="nxt_mq-para"
                    >
                      <h2
                        className="nxt_heading-small mb-2"
                      >
                        Brazenly Transparent
                      </h2>
                      <p
                        className="mb-5"
                      >
                        No hidden fees or charges.
                      </p>
                    </div>
                  </div>
                </div>
              </div>
            </div>
          </div>
        </div>
      </div>
    </div>
  </div>
</div>
`;
