// Jest Snapshot v1, https://goo.gl/fbAQLP

exports[`SectionFirstProduct it should render 1`] = `
<div
  className="py-6 bg-light"
>
  <div
    className="container text-center"
  >
    <div
      className="react-reveal nxt_heading-large mb-5"
      style={
        Object {
          "opacity": undefined,
        }
      }
    >
      Introducing our first product
    </div>
    <div
      className="react-reveal"
      style={
        Object {
          "opacity": undefined,
        }
      }
    />
    <div>
      <div
        id="cardScrollStarts"
      >
        <div
          className="row"
        >
          <div
            className="col-sm-6 mb-5"
          >
            <div
              className="card h-100"
            >
              <div
                className="card-body py-4"
              >
                <img
                  alt="Evergreen"
                  className="mb-3"
                  src="mountains.svg"
                />
                <div
                  className="card-title nxt_heading-small mb-4"
                >
                  Next Term Life
                </div>
                <div
                  className="card-text circular mb-5"
                >
                  <p>
                    Help keep your loved ones protected with coverage that adapts with your life’s biggest moments.
                  </p>
                  <br />
                  <p>
                    <strong>
                      Coming Soon! 
                    </strong>
                  </p>
                </div>
                <div />
              </div>
            </div>
          </div>
          <div
            className="col-sm-6 mb-5"
          >
            <div
              className="card h-100"
            >
              <div
                className="card-body py-4"
              >
                <img
                  alt="Evergreen"
                  className="mb-3"
                  src="evergreen.svg"
                />
                <div
                  className="card-title nxt_heading-small mb-4"
                >
                  Next Deferred Income Annuity
                </div>
                <div
                  className="card-text circular mb-5"
                >
                  Create a future income stream you can count on for the rest of your life by saving over time.
                </div>
                <div>
                  <a
                    href="/nextdeferredincomeannuity"
                    onClick={[Function]}
                  >
                    <button
                      className="btn btn-primary nxt_rounded-pill nxt_body-small px-4 py-2"
                    >
                      Learn More
                    </button>
                  </a>
                </div>
              </div>
            </div>
          </div>
        </div>
      </div>
    </div>
  </div>
</div>
`;
