// Jest Snapshot v1, https://goo.gl/fbAQLP

exports[`Home it should render 1`] = `
Array [
  <div>
    <div
      className="background"
    >
      <img
        alt="MopedBg"
        className="nxt_carousel-img"
        src="Moped-bg.svg"
      />
      <img
        alt="MopedMain"
        className="nxt_carousel-img-main"
        src="Moped-main.svg"
      />
      <img
        alt="MopedBg"
        className="nxt_carousel-img"
        src="Moped-bg.svg"
      />
      <img
        alt="MopedMain"
        className="nxt_carousel-img-main"
        src="Moped-main.svg"
      />
      <img
        alt="BeanBagBg"
        className="nxt_carousel-img"
        src="Bean-bag-bg.svg"
      />
      <img
        alt="BeanBagMain"
        className="nxt_carousel-img-main"
        src="Bean-bag-main.svg"
      />
      <img
        alt="SeamstressBg"
        className="nxt_carousel-img"
        src="Seamstress-bg.svg"
      />
      <img
        alt="SeamstressMain"
        className="nxt_carousel-img-main"
        src="Seamstress-main.svg"
      />
      <img
        alt="Moving"
        className="nxt_carousel-img"
        src="Moving-bg.svg"
      />
      <img
        alt="MovingMain"
        className="nxt_carousel-img-main"
        src="Moving-main.svg"
      />
      <img
        alt="OfficeBg"
        className="nxt_carousel-img"
        src="Office-bg.svg"
      />
      <img
        alt="OfficeMain"
        className="nxt_carousel-img-main"
        src="Office-main.svg"
      />
      <img
        alt="GraduationBg"
        className="nxt_carousel-img"
        src="Graduation-bg.svg"
      />
      <img
        alt="GraduationMain"
        className="nxt_carousel-img-main"
        src="Graduation-main.svg"
      />
      <img
        alt="FamilyBg"
        className="nxt_carousel-img"
        src="Family-bg.svg"
      />
      <img
        alt="FamilyMain"
        className="nxt_carousel-img-main"
        src="Family-main.svg"
      />
      <div
        className="divText"
      >
        <div
          className="container"
        >
          <div
            className="row"
          >
            <div
              className="col text-center"
            >
              <div
                className="nxt_carousel-header-container"
              >
                <h1
                  className="nxt_heading-xlarge"
                >
                   
                  What’s your
                   
                  <span
                    className="text-primary"
                  >
                    next 
                  </span>
                </h1>
                <div
                  className="nxt_carousel-animated-text-container"
                >
                  <h1
                    className="nxt_heading-xlarge"
                  >
                    adventure?
                  </h1>
                  <h1
                    className="nxt_heading-xlarge"
                  >
                    adventure?
                  </h1>
                  <h1
                    className="nxt_heading-xlarge"
                  >
                    big idea?
                  </h1>
                  <h1
                    className="nxt_heading-xlarge"
                  >
                    passion?
                  </h1>
                  <h1
                    className="nxt_heading-xlarge"
                  >
                    move?
                  </h1>
                  <h1
                    className="nxt_heading-xlarge"
                  >
                    career?
                  </h1>
                  <h1
                    className="nxt_heading-xlarge"
                  >
                    gradution?
                  </h1>
                  <h1
                    className="nxt_heading-xlarge"
                  >
                    addition?
                  </h1>
                </div>
              </div>
              <div
                className="row"
              >
                <div
                  className="col-md-8 offset-md-2 text-center"
                >
                  <p
                    className="mt-4 circular"
                  >
                    Insurance products to complement your life goals and passions. We help you go after whatever's next for you.
                  </p>
                </div>
              </div>
              <a
                className="text-decoration-none mt-4"
                href="#bestlife"
                onClick={[Function]}
              >
                <img
                  alt="Arrow"
                  className="d-block-inline"
                  src="arrowdown.svg"
                  width={45}
                />
              </a>
            </div>
          </div>
        </div>
      </div>
    </div>
  </div>,
  <div
    id="bestlife"
  >
    <div
      className="py-6 bg-light"
    >
      <div
        className="container"
      >
        <h1
          className="react-reveal text-center nxt_heading-large undefined"
          style={
            Object {
              "opacity": undefined,
            }
          }
        />
        <div
          className="row"
        >
          <div
            className="react-reveal col-md-5 order-2 order-sm-1"
            style={
              Object {
                "opacity": undefined,
              }
            }
          >
            <img
              alt="Yoga Lady"
              className="img-fluid p-5"
              src="yogalady.svg"
            />
          </div>
          <div
            className="col-md-7 order-1 order-sm-2"
          >
            <div
              className="mt-5"
            >
              <div
                className="react-reveal"
                style={
                  Object {
                    "opacity": undefined,
                  }
                }
              >
                <h1
                  className="nxt_heading-large"
                >
                  Keep living your best life
                </h1>
                Everyone deserves a chance to do what they love. Next by Pacific Life helps you reach financial goals while you go after your personal ones...
              </div>
              <div>
                <div
                  className="mt-4 pr-5"
                />
              </div>
            </div>
          </div>
        </div>
      </div>
    </div>
  </div>,
  <div>
    <div
      className="py-6 undefined"
    >
      <div
        className="container"
      >
        <h1
          className="react-reveal text-center nxt_heading-large undefined"
          style={
            Object {
              "opacity": undefined,
            }
          }
        />
        <div
          className="row"
        >
          <div
            className="react-reveal col-md-5 order-2"
            style={
              Object {
                "opacity": undefined,
              }
            }
          >
            <img
              alt="Canoe Couple"
              className="img-fluid p-5"
              src="canoecouple.svg"
            />
          </div>
          <div
            className="col-md-7 order-1"
          >
            <div
              className="mt-5"
            >
              <div
                className="react-reveal"
                style={
                  Object {
                    "opacity": undefined,
                  }
                }
              >
                <h1
                  className="nxt_heading-large"
                >
                  A way to manage uncertainty
                </h1>
                Plans change over time—your insurance products can too. Redefine your insurance products as life happens.
              </div>
              <div>
                <div
                  className="mt-4 pr-5"
                />
              </div>
            </div>
          </div>
        </div>
      </div>
    </div>
  </div>,
  <div
    className="py-6 bg-light"
  >
    <div
      className="container text-center"
    >
      <div
        className="react-reveal nxt_heading-large mb-5"
        style={
          Object {
            "opacity": undefined,
          }
        }
      >
        Introducing our first product
      </div>
      <div
        className="react-reveal"
        style={
          Object {
            "opacity": undefined,
          }
        }
      />
      <div>
        <div
          id="cardScrollStarts"
        >
          <div
            className="row"
          >
            <div
              className="col-sm-6 mb-5"
            >
              <div
                className="card h-100"
              >
                <div
                  className="card-body py-4"
                >
                  <img
                    alt="Evergreen"
                    className="mb-3"
                    src="mountains.svg"
                  />
                  <div
                    className="card-title nxt_heading-small mb-4"
                  >
                    Next Term Life
                  </div>
                  <div
                    className="card-text circular mb-5"
                  >
                    <p>
                      Help keep your loved ones protected with coverage that adapts with your life’s biggest moments.
                    </p>
                    <br />
                    <p>
                      <strong>
                        Coming Soon! 
                      </strong>
                    </p>
                  </div>
                  <div />
                </div>
              </div>
            </div>
            <div
              className="col-sm-6 mb-5"
            >
              <div
                className="card h-100"
              >
                <div
                  className="card-body py-4"
                >
                  <img
                    alt="Evergreen"
                    className="mb-3"
                    src="evergreen.svg"
                  />
                  <div
                    className="card-title nxt_heading-small mb-4"
                  >
                    Next Deferred Income Annuity
                  </div>
                  <div
                    className="card-text circular mb-5"
                  >
                    Create a future income stream you can count on for the rest of your life by saving over time.
                  </div>
                  <div>
                    <a
                      href="/nextdeferredincomeannuity"
                      onClick={[Function]}
                    >
                      <button
                        className="btn btn-primary nxt_rounded-pill nxt_body-small px-4 py-2"
                      >
                        Learn More
                      </button>
                    </a>
                  </div>
                </div>
              </div>
            </div>
          </div>
        </div>
      </div>
    </div>
  </div>,
  <div
    id="triggerDWYIM"
  >
    <div
      id="pinDWYIM"
    >
      <div
        className="py-6 undefined"
      >
        <div
          className="container"
        >
          <h1
            className="react-reveal text-center nxt_heading-large mb-5"
            style={
              Object {
                "opacity": undefined,
              }
            }
          >
            Designed with you in mind
          </h1>
          <div
            className="row"
          >
            <div
              className="react-reveal col-md-5 order-2 order-sm-1"
              style={
                Object {
                  "opacity": undefined,
                }
              }
            >
              <img
                alt="Woman with the Phone"
                className="img-fluid p-5 nxt_mq-tall-image"
                id="dwyim-woman"
                src="womanphone.svg"
              />
            </div>
            <div
              className="col-md-7 order-1 order-sm-2"
            >
              <div
                className="mt-5"
              >
                <div
                  className="react-reveal"
                  style={
                    Object {
                      "opacity": undefined,
                    }
                  }
                />
                <div>
                  <div
                    className="mt-4 pr-5"
                  >
                    <div
                      id="nxt_mq-para-container"
                    >
                      <div
                        className="nxt_mq-para"
                      >
                        <h2
                          className="nxt_heading-small mb-2"
                        >
                          Fearlessly Flexible
                        </h2>
                        <p
                          className="mb-5"
                        >
                          Our products adapt to your life’s biggest moments. Change them when your needs do.
                        </p>
                      </div>
                      <div
                        className="nxt_mq-para"
                      >
                        <h2
                          className="nxt_heading-small mb-2"
                        >
                          Radically Simple
                        </h2>
                        <p
                          className="mb-5"
                        >
                          Straight forward products and features. Know what you're getting from the beginning.
                        </p>
                      </div>
                      <div
                        className="nxt_mq-para"
                      >
                        <h2
                          className="nxt_heading-small mb-2"
                        >
                          Brazenly Transparent
                        </h2>
                        <p
                          className="mb-5"
                        >
                          No hidden fees or charges.
                        </p>
                      </div>
                    </div>
                  </div>
                </div>
              </div>
            </div>
          </div>
        </div>
      </div>
    </div>
  </div>,
  <div
    className="py-6 bg-light"
  >
    <div
      className="container"
    >
      <h1
        className="react-reveal text-center nxt_heading-large undefined"
        style={
          Object {
            "opacity": undefined,
          }
        }
      >
        Ask us anything
      </h1>
      <div
        className="row"
      >
        <div
          className="react-reveal col-md-5 order-2 mt-5 text-left"
          style={
            Object {
              "opacity": undefined,
            }
          }
        >
          <div>
            <h2>
              Next by Pacific Life
            </h2>
            <a
              href="mailto: hello@meetnext.com"
            >
              hello@meetnext.com
            </a>
            <p>
              (833) 646-NEXT (6398) 
            </p>
          </div>
        </div>
        <div
          className="col-md-7 order-1 text-left"
        >
          <div
            className="mt-5"
          >
            <div
              className="react-reveal"
              style={
                Object {
                  "opacity": undefined,
                }
              }
            >
              <div
                className="text-left nxt_body-xsmall"
              >
                <form
                  noValidate={true}
                  onSubmit={[Function]}
                >
                  <div
                    className="react-reveal alert-success nxt_body-small"
                    style={
                      Object {
                        "opacity": 0,
                      }
                    }
                  >
                    <p>
                      We received your message! We’ll get back to you shortly.
                    </p>
                    <p>
                      If this is an urgent matter, pleae call us at (833) 646-6398
                    </p>
                  </div>
                  <div
                    className="react-reveal alert-fail nxt_body-small"
                    style={
                      Object {
                        "opacity": 0,
                      }
                    }
                  >
                    <span
                      className="input-fail"
                      id="fail-message"
                    />
                    <span
                      className="input-fail"
                      id="invalid-email-message"
                    />
                  </div>
                  <div>
                    <label>
                      Name
                    </label>
                    <input
                      className="form-control form-input"
                      name="name"
                      onChange={[Function]}
                      type="text"
                      value=""
                    />
                  </div>
                  <div>
                    <label>
                      Email
                    </label>
                    <input
                      className="form-control form-input"
                      name="email"
                      onBlur={[Function]}
                      onChange={[Function]}
                      type="email"
                      value=""
                    />
                  </div>
                  <div>
                    <label>
                      Phone Number
                    </label>
                    <input
                      autoComplete="tel"
                      className="form-control mb-3"
                      maxLength="14"
                      name="phone"
                      onBlur={[Function]}
                      onChange={[Function]}
                      type="tel"
                      value=""
                    />
                  </div>
                  <div>
                    <label>
                      Message
                    </label>
                    <textarea
                      className="form-control mb-3 form-input"
                      name="message"
                      onChange={[Function]}
                      required={true}
                      type="text"
                      value=""
                    />
                  </div>
                  <button
                    className="btn btn-primary nxt_rounded-pill nxt_body-small px-4 py-2 submit"
                  >
                    Submit
                  </button>
                </form>
              </div>
            </div>
            <div>
              <div
                className="mt-4 pr-5"
              />
            </div>
          </div>
        </div>
      </div>
    </div>
  </div>,
  <div
    className="container-fluid bg-dark"
  >
    <div
      className="row"
    >
      <div
        className="col p-3"
      >
        <img
          alt="Logo"
          className="pr-3 pb-4"
          src="NXT_logo_footer_dark.svg"
        />
        <span
          className="nxt_footer"
        >
          <p>
            By using this website you accept our
             
            <a
              href="/terms"
              onClick={[Function]}
            >
              <span
                className="text-accent"
              >
                Terms of Use
              </span>
            </a>
            ,
             
            <a
              href="/social"
              onClick={[Function]}
            >
              <span
                className="text-accent"
              >
                Social Media Guidelines
              </span>
            </a>
            , and
             
            <a
              href="/privacy"
              onClick={[Function]}
            >
              <span
                className="text-accent"
              >
                Privacy Policy
              </span>
            </a>
          </p>
        </span>
        <small>
          <div
            className="nxt_footer"
          >
            <p>
              No bank guarantee • Not a deposit • May lose value • Not FDIC/NCUA insured • Not insured by any federal government agency
            </p>
            <p>
              Pacific Life, its affiliates, its distributors, and respective representatives do not provide tax, accounting, or legal advice. Any taxpayer should seek advice based on the taxpayer's particular circumstances from an independent tax advisor or attorney.
            </p>
            <p>
              <i>
                Pacific Life is a product provider. It is not a fiduciary and therefore does not give advice or make recommendations regarding insurance or investment products.
              </i>
            </p>
            <p>
              Pacific Life Insurance Company (Newport Beach, CA) is licensed to issue insurance products in all states except New York. Product availability and features may vary by state. Fixed annuity products are available through licensed third parties.
            </p>
            <p>
              © 
              2019
               Pacific Life Insurance Company, Newport Beach, CA.
            </p>
          </div>
        </small>
      </div>
    </div>
  </div>,
]
`;
