// Jest Snapshot v1, https://goo.gl/fbAQLP

exports[`Home it should render 1`] = `
Array [
  <div
    style={
      Object {
        "backgroundImage": "url(mainbg1animationB.svg)",
        "backgroundPosition": "bottom",
        "backgroundRepeat": "no-repeat",
        "backgroundSize": "cover",
        "borderBottom": "3px solid #DDE1E7",
        "height": "75vh",
        "minHeight": "500px",
        "position": "relative",
      }
    }
  >
    <div
      style={
        Object {
          "position": "absolute",
          "top": "10vw",
          "width": "100vw",
        }
      }
    >
      <div
        className="container"
      >
        <div
          className="row"
        >
          <div
            className="col text-center"
          >
            <h1
              className="slab"
            >
              What’s your 
              <span
                className="text-primary"
              >
                next
              </span>
               
              adventure?
            </h1>
          </div>
        </div>
        <div
          className="row"
        >
          <div
            className="col-md-8 offset-md-2 text-center"
          >
            <p
              className="mt-4 circular lead"
            >
              Insurance products to complement your life goals and passions. We help you go after whatever's next for you.
            </p>
            <a
              className="text-decoration-none mt-4"
              href="https://www.meetnext.com/s/#bestlife"
            >
              <p
                className="mt-4 mb-2 text-uppercase text-primary"
              >
                Learn More
              </p>
              <img
                alt="Arrow"
                className="d-block-inline"
                src="arrowdown.svg"
                width={45}
              />
            </a>
          </div>
        </div>
      </div>
    </div>
    <img
      alt="Moped"
      src="moped.svg"
      style={
        Object {
          "bottom": "0",
          "left": "10%",
          "minWidth": "175px",
          "position": "absolute",
          "width": "20vw",
        }
      }
    />
  </div>,
  <div
    className="bg-light py-5"
  >
    <div
      className="container text-center"
    >
      <div
        className="row my-5 py-5"
      >
        <div
          className="col-md-5"
        >
          <img
            alt="Yoga Lady"
            className="img-fluid p-5"
            src="yogalady.svg"
          />
        </div>
        <div
          className="col-md-7"
        >
          <div
            className="mt-5"
          >
            <h1
              className="slab"
            >
              Keep living your 
              <span
                className="text-primary"
              >
                best
              </span>
               life
            </h1>
            <p
              className="circular mt-4"
            >
              Everyone deserves a chance to do what they love. Next by Pacific Life helps you reach financial goals while you go after your personal ones...
            </p>
          </div>
        </div>
      </div>
    </div>
  </div>,
]
`;
