// Jest Snapshot v1, https://goo.gl/fbAQLP

exports[`Home it should render 1`] = `
Array [
  <div
    style={
      Object {
        "backgroundImage": "url(mainbg1animationB.svg)",
        "backgroundPosition": "bottom",
        "backgroundRepeat": "no-repeat",
        "backgroundSize": "cover",
        "borderBottom": "3px solid #DDE1E7",
        "height": "75vh",
        "minHeight": "500px",
        "position": "relative",
      }
    }
  >
    <div
      style={
        Object {
          "position": "absolute",
          "top": "10vw",
          "width": "100vw",
        }
      }
    >
      <div
        className="container"
      >
        <div
          className="row"
        >
          <div
            className="col text-center"
          >
            <h1
              className="slab"
            >
              What’s your 
              <span
                className="text-primary"
              >
                next
              </span>
               
              adventure?
            </h1>
          </div>
        </div>
        <div
          className="row"
        >
          <div
            className="col-md-8 offset-md-2 text-center"
          >
            <p
              className="mt-4 circular"
            >
              Insurance products to complement your life goals and passions. We help you go after whatever's next for you.
            </p>
            <a
              className="text-decoration-none mt-4"
              href="#bestlife"
            >
              <p
                className="mt-4 mb-2 text-uppercase text-primary"
              >
                Learn More
              </p>
              <img
                alt="Arrow"
                className="d-block-inline"
                src="arrowdown.svg"
                width={45}
              />
            </a>
          </div>
        </div>
      </div>
    </div>
    <img
      alt="Moped"
      src="moped.svg"
      style={
        Object {
          "bottom": "0",
          "left": "10%",
          "minWidth": "175px",
          "position": "absolute",
          "width": "20vw",
        }
      }
    />
  </div>,
  <div
    className="bg-light py-6"
    id="bestlife"
  >
    <div
      className="container text-center"
    >
      <div
        className="row"
      >
        <div
          className="col-md-5"
        >
          <img
            alt="Yoga Lady"
            className="img-fluid p-5"
            src="yogalady.svg"
          />
        </div>
        <div
          className="col-md-7"
        >
          <div
            className="mt-5"
          >
            <h1
              className="react-reveal nxt_heading-xlarge"
              style={
                Object {
                  "opacity": undefined,
                }
              }
            >
              Keep living your best life
            </h1>
            <p
              className="react-reveal mt-4"
              style={
                Object {
                  "opacity": undefined,
                }
              }
            >
              Everyone deserves a chance to do what they love. Next by Pacific Life helps you reach financial goals while you go after your personal ones...
            </p>
          </div>
        </div>
      </div>
    </div>
  </div>,
  <div
    className="py-6"
  >
    <div
      className="container"
    >
      <div
        className="row"
      >
        <div
          className="col-md-7"
        >
          <h1
            className="react-reveal nxt_heading-xlarge"
            style={
              Object {
                "opacity": undefined,
              }
            }
          >
            A way to manage uncertainty
          </h1>
          <p
            className="react-reveal mt-4"
            style={
              Object {
                "opacity": undefined,
              }
            }
          >
            Plans change over time—your insurance products can too. Redefine your insurance products as life happens.
          </p>
        </div>
        <div
          className="col-md-5"
        >
          <div>
            <img
              alt="Couple in a Canoe"
              className="img-fluid"
              src="canoecouple.svg"
            />
          </div>
        </div>
      </div>
    </div>
  </div>,
  <div
    className="nxt_bg-gray py-6"
  >
    <div
      className="container text-center"
    >
      <div
        className="row"
      >
        <div
          className="col-md-12"
        >
          <h1
            className="nxt_heading-xlarge"
          >
            Introducing our first product
          </h1>
          <div
            className="card mx-auto my-5 card border-dark mb-3 nxt_rounded-corner p-3 nxt_card-width"
          >
            <div
              className="card-body text-center"
            >
              <img
                alt="Evergreen"
                className="mb-2"
                src="evergreen.svg"
              />
              <h5
                className="card-title nxt_heading-small mb-4"
              >
                Next Deferred Income Annuity
              </h5>
              <p
                className="card-text circular mb-5"
              >
                Create a future income stream you can count on for the rest of your life by saving over time.
              </p>
              <a
                href="/nextdeferredincomeannuity"
                onClick={[Function]}
              >
                <button
                  className="btn btn-primary rounded-pill nxt_body-small px-4 py-2"
                >
                  Learn More
                </button>
              </a>
            </div>
          </div>
        </div>
      </div>
    </div>
  </div>,
  <div
    className="py-6"
  >
    <div
      className="container text-center"
    >
      <img
        alt="Woman with the Phone"
        src="womanphone.svg"
      />
      <h1>
        Designed with you in mind
      </h1>
      <h2>
        Fearlessly Flexible
      </h2>
      <p>
        Our products adapt to your life’s biggest moments. Change them when your needs do.
      </p>
      <h2>
        Radically Simple
      </h2>
      <p>
        Straight forward products and features. Know what you're getting from the beginning.
      </p>
      <h2>
        Brazenly Transparent
      </h2>
      <p>
        No hidden fees or charges.
      </p>
    </div>
  </div>,
  <div
    className="nxt_bg-gray py-6"
  >
    <div
      className="container text-center"
    >
      <h1>
        Ask us anything
      </h1>
      <h2>
        Next by Pacific Life
      </h2>
      <p>
        hello@meetnext.com
      </p>
      <p>
        (833) 646-NEXT (6398) 
      </p>
    </div>
  </div>,
]
`;
