// Jest Snapshot v1, https://goo.gl/fbAQLP

exports[`Card it should render 1`] = `
<div
  className="card mx-auto my-5 card border-dark mb-3 nxt_rounded-corner p-3 nxt_card-width"
>
  <div
    className="card-body text-center"
  >
    <img
      alt="Evergreen"
      className="mb-2"
    />
    <h5
      className="card-title nxt_heading-small mb-4"
    />
    <p
      className="card-text circular mb-5"
    />
  </div>
</div>
`;
