// Jest Snapshot v1, https://goo.gl/fbAQLP

exports[`Card it should render 1`] = `
<div
  className="card h-100"
>
  <div
    className="card-body py-4"
  >
    <img
      alt="Evergreen"
      className="mb-2"
    />
    <div
      className="card-title nxt_heading-small mb-4"
    />
    <div
      className="card-text circular mb-5"
    />
    <div />
  </div>
</div>
`;
