// Jest Snapshot v1, https://goo.gl/fbAQLP

exports[`Section it should render 1`] = `
<div
  style={
    Object {
      "backgroundImage": "url(https://www.meetnext.com/s/sfsites/c/resource/mainbg1animationB)",
      "backgroundPosition": "center",
      "backgroundRepeat": "no-repeat",
      "backgroundSize": "cover",
      "height": "80vw",
      "position": "relative",
    }
  }
>
  <h1
    className="mt-5 slab text-center"
  >
    What’s your 
    <span
      className="text-primary"
    >
      next
    </span>
     adventure?
  </h1>
  <h4
    className="mr-5 ml-5 text-center"
  >
    Insurance products to complement your life goals and passions. We help you go after whatever's next for you.
  </h4>
</div>
`;
