// Jest Snapshot v1, https://goo.gl/fbAQLP

exports[`SectionStayInTouch it should render 1`] = `
<div
  id="stayintouch"
>
  <div
    className="py-6 undefined"
  >
    <div
      className="container text-center"
    >
      <div
        className="react-reveal nxt_heading-large mb-5"
        style={
          Object {
            "opacity": undefined,
          }
        }
      >
        Stay in Touch
      </div>
      <div
        className="react-reveal"
        style={
          Object {
            "opacity": undefined,
          }
        }
      >
        <div>
          <p
            className="mb-4"
          >
            Enter your email address to receive updates
          </p>
          <form
            noValidate={true}
            onSubmit={[Function]}
          >
            <div
              className="container"
            >
              <div
                className="row justify-content-md-center mb-4"
              >
                <div
                  className="col-md-6"
                >
                  <div
                    className="react-reveal alert-success nxt_body-small mb-3"
                    style={
                      Object {
                        "opacity": 0,
                      }
                    }
                  >
                    <span>
                      You are on the list!
                    </span>
                  </div>
                  <div
                    className="react-reveal alert-fail nxt_body-small mb-3"
                    style={
                      Object {
                        "opacity": 0,
                      }
                    }
                  >
                    <span
                      className="input-fail"
                      id="fail-message"
                    />
                    <span
                      className="input-fail"
                      id="invalid-email-message"
                    />
                  </div>
                  <input
                    className="form-control form-input"
                    name="email"
                    onChange={[Function]}
                    placeholder="Email Address"
                    type="email"
                    value=""
                  />
                </div>
              </div>
            </div>
            <button
              className="btn btn-primary nxt_rounded-pill nxt_body-small px-4 py-2 submit"
            >
              Submit
            </button>
          </form>
        </div>
      </div>
      <div />
    </div>
  </div>
</div>
`;
