// Jest Snapshot v1, https://goo.gl/fbAQLP

exports[`SectionQuoteToday it should render 1`] = `
<div
  className="py-6 bg-light"
>
  <div
    className="container text-center"
  >
    <div
      className="react-reveal nxt_heading-xlarge mb-5"
      style={
        Object {
          "opacity": undefined,
        }
      }
    >
      Get a quote today
    </div>
    <div
      className="react-reveal"
      style={
        Object {
          "opacity": undefined,
        }
      }
    >
      <div>
        <p
          className="mb-5"
        >
          "Next Deferred Income Annuity is available on the following digital platform. Visit their site today to see what your future income could be!"
        </p>
        <img
          alt="Blueprint Logo"
          className="mb-5"
          src="Blueprint_Logo.svg"
        />
        <div
          className="mb-5"
        >
          <a
            href="//www.blueprintincome.com/personal-pension"
            target="_blank"
          >
            <button
              className="btn btn-primary rounded-pill nxt_body-small px-4 py-2"
            >
              View Site
            </button>
          </a>
        </div>
        <h2
          className="nxt_heading-small"
        >
          Still have questions? 
          <a
            href="/contact"
            onClick={[Function]}
          >
            Contact us.
          </a>
        </h2>
      </div>
    </div>
    <div />
  </div>
</div>
`;
