// Jest Snapshot v1, https://goo.gl/fbAQLP

exports[`chart it should render 1`] = `
<div
  className="container mt-5 mb-4"
>
  <div
    className="row"
  >
    <div
      className="col-md-6"
    >
      <svg
        className="d-block w-100"
        height={300}
      >
        saving3.svg
      </svg>
    </div>
    <div
      className="col-md-6 text-center"
    >
      <h1
        style={
          Object {
            "fontSize": "calc(36px + 1vw)",
            "fontWeight": "300",
            "marginBottom": "0",
            "marginTop": "30",
          }
        }
      >
        Design Your Future
      </h1>
      <p
        className="lead text-muted mt-0"
      >
        See how fast your money can grow!
      </p>
      <div
        className="mt-4"
      >
        <div
          className="d-flex justify-content-between"
        >
          <div
            className="text-muted"
          >
            Initial Deposit
          </div>
          <div>
            <h4
              className="text-primary"
            >
              $50,000
            </h4>
          </div>
        </div>
        <div
          className="rc-slider"
          onBlur={[Function]}
          onFocus={[Function]}
          onKeyDown={[Function]}
          onMouseDown={[Function]}
          onMouseUp={[Function]}
          onTouchStart={[Function]}
        >
          <div
            className="rc-slider-rail"
            style={Object {}}
          />
          <div
            className="rc-slider-track"
            style={
              Object {
                "left": "0%",
                "width": "60.60606060606061%",
              }
            }
          />
          <div
            className="rc-slider-step"
          />
          <div
            aria-disabled={false}
            aria-valuemax={99}
            aria-valuemin={0}
            aria-valuenow={60}
            className="rc-slider-handle"
            onBlur={[Function]}
            onKeyDown={[Function]}
            onMouseDown={[Function]}
            role="slider"
            style={
              Object {
                "left": "60.60606060606061%",
              }
            }
            tabIndex={0}
          />
          <div
            className="rc-slider-mark"
          />
        </div>
      </div>
      <div
        className="mt-4"
      >
        <div
          className="d-flex justify-content-between"
        >
          <div
            className="text-muted"
          >
            Monthly Deposit
          </div>
          <div>
            <h4
              className="text-primary"
            >
              $1,000
            </h4>
          </div>
        </div>
        <div
          className="rc-slider"
          onBlur={[Function]}
          onFocus={[Function]}
          onKeyDown={[Function]}
          onMouseDown={[Function]}
          onMouseUp={[Function]}
          onTouchStart={[Function]}
        >
          <div
            className="rc-slider-rail"
            style={Object {}}
          />
          <div
            className="rc-slider-track"
            style={
              Object {
                "left": "0%",
                "width": "53.535353535353536%",
              }
            }
          />
          <div
            className="rc-slider-step"
          />
          <div
            aria-disabled={false}
            aria-valuemax={99}
            aria-valuemin={0}
            aria-valuenow={53}
            className="rc-slider-handle"
            onBlur={[Function]}
            onKeyDown={[Function]}
            onMouseDown={[Function]}
            role="slider"
            style={
              Object {
                "left": "53.535353535353536%",
              }
            }
            tabIndex={0}
          />
          <div
            className="rc-slider-mark"
          />
        </div>
      </div>
      <div
        className="mt-4"
      >
        <div
          className="d-flex justify-content-between"
        >
          <div
            className="text-muted"
          >
            Risk Level
          </div>
          <div>
            <h4
              className="text-primary"
            >
              Growth
            </h4>
          </div>
        </div>
        <div
          className="rc-slider"
          onBlur={[Function]}
          onFocus={[Function]}
          onKeyDown={[Function]}
          onMouseDown={[Function]}
          onMouseUp={[Function]}
          onTouchStart={[Function]}
        >
          <div
            className="rc-slider-rail"
            style={Object {}}
          />
          <div
            className="rc-slider-track"
            style={
              Object {
                "left": "0%",
                "width": "44.44444444444444%",
              }
            }
          />
          <div
            className="rc-slider-step"
          >
            <span
              className="rc-slider-dot rc-slider-dot-active"
              style={
                Object {
                  "left": "0%",
                }
              }
            />
            <span
              className="rc-slider-dot rc-slider-dot-active"
              style={
                Object {
                  "left": "11.11111111111111%",
                }
              }
            />
            <span
              className="rc-slider-dot rc-slider-dot-active"
              style={
                Object {
                  "left": "22.22222222222222%",
                }
              }
            />
            <span
              className="rc-slider-dot rc-slider-dot-active"
              style={
                Object {
                  "left": "33.33333333333333%",
                }
              }
            />
            <span
              className="rc-slider-dot rc-slider-dot-active"
              style={
                Object {
                  "left": "44.44444444444444%",
                }
              }
            />
            <span
              className="rc-slider-dot"
              style={
                Object {
                  "left": "55.55555555555556%",
                }
              }
            />
            <span
              className="rc-slider-dot"
              style={
                Object {
                  "left": "66.66666666666666%",
                }
              }
            />
            <span
              className="rc-slider-dot"
              style={
                Object {
                  "left": "77.77777777777779%",
                }
              }
            />
            <span
              className="rc-slider-dot"
              style={
                Object {
                  "left": "88.88888888888889%",
                }
              }
            />
            <span
              className="rc-slider-dot"
              style={
                Object {
                  "left": "100%",
                }
              }
            />
          </div>
          <div
            aria-disabled={false}
            aria-valuemax={9}
            aria-valuemin={0}
            aria-valuenow={4}
            className="rc-slider-handle"
            onBlur={[Function]}
            onKeyDown={[Function]}
            onMouseDown={[Function]}
            onMouseEnter={[Function]}
            onMouseLeave={[Function]}
            role="slider"
            style={
              Object {
                "left": "44.44444444444444%",
              }
            }
            tabIndex={0}
          />
          <div
            className="rc-slider-mark"
          />
        </div>
      </div>
    </div>
  </div>
  <div
    className="row mt-3"
  >
    <div
      className="col-md-12"
    >
      <div
        className="recharts-responsive-container"
        style={
          Object {
            "height": 400,
            "maxHeight": undefined,
            "minHeight": undefined,
            "minWidth": undefined,
            "width": "100%",
          }
        }
      >
        <div
          style={
            Object {
              "display": "none",
              "height": 0,
              "position": "absolute",
              "visibility": "hidden",
              "width": 0,
            }
          }
        />
      </div>
      <div
        className="d-flex justify-content-between mb-3 text-muted"
      >
        <div
          className="p-2 font-weight-bold ml-5"
        >
          Today
        </div>
        <div
          className="p-2 font-weight-bold"
        >
          30 Years
        </div>
      </div>
    </div>
  </div>
</div>
`;
